Microchip MPLAB XC8 Compiler V2.40

Linker command line:

-W-3 \
  --edf=C:/Program Files/Microchip/MPLABX/v6.05/packs/Microchip/PIC16F1xxxx_DFP/1.15.191/xc8\pic\dat\20220719204315_en.msgs \
  -cn -h+dist/default/production\DisplayServoLM35.X.production.sym \
  --cmf=dist/default/production\DisplayServoLM35.X.production.cmf -z \
  -Q16F18875 -oC:\Users\MARCOB~1\AppData\Local\Temp\xcAsls.4 \
  --defsym=__MPLAB_BUILD=1 --fixupoverflow=error \
  -Mdist/default/production/DisplayServoLM35.X.production.map \
  --md=C:\Users\MARCOB~1\AppData\Local\Temp\xcAsls.dat -E1 \
  -ver=XC8 Compiler --acfsm=1493 -ACODE=00h-07FFhx4 -ASTRCODE=00h-01FFFh \
  -ASTRING=00h-0FFhx32 -ACONST=00h-0FFhx32 -AENTRY=00h-0FFhx32 \
  -ACOMMON=070h-07Fh -ABANK0=020h-06Fh -ABANK1=0A0h-0EFh \
  -ABANK2=0120h-016Fh -ABANK3=01A0h-01EFh -ABANK4=0220h-026Fh \
  -ABANK5=02A0h-02EFh -ABANK6=0320h-036Fh -ABANK7=03A0h-03EFh \
  -ABANK8=0420h-046Fh -ABANK9=04A0h-04EFh -ABANK10=0520h-056Fh \
  -ABANK11=05A0h-05EFh -ABANK12=0620h-064Fh -ABIGRAM=02000h-023EFh \
  -ARAM=020h-06Fh,0A0h-0EFh,0120h-016Fh,01A0h-01EFh,0220h-026Fh,02A0h-02EFh,0320h-036Fh,03A0h-03EFh,0420h-046Fh,04A0h-04EFh,0520h-056Fh,05A0h-05EFh,0620h-064Fh \
  -AABS1=020h-07Fh,0A0h-0EFh,0120h-016Fh,01A0h-01EFh,0220h-026Fh,02A0h-02EFh,0320h-036Fh,03A0h-03EFh,0420h-046Fh,04A0h-04EFh,0520h-056Fh,05A0h-05EFh,0620h-064Fh \
  -ASFR0=00h-01Fh -ASFR1=080h-09Fh -ASFR2=0100h-011Fh -ASFR3=0180h-019Fh \
  -ASFR4=0200h-021Fh -ASFR5=0280h-029Fh -ASFR6=0300h-031Fh \
  -ASFR7=0380h-039Fh -ASFR8=0400h-041Fh -ASFR9=0480h-049Fh \
  -ASFR10=0500h-051Fh -ASFR11=0580h-059Fh -ASFR12=0600h-061Fh \
  -ASFR13=0680h-06EFh -ASFR14=0700h-076Fh -ASFR15=0780h-07EFh \
  -ASFR16=0800h-086Fh -ASFR17=0880h-08EFh -ASFR18=0900h-096Fh \
  -ASFR19=0980h-09EFh -ASFR20=0A00h-0A6Fh -ASFR21=0A80h-0AEFh \
  -ASFR22=0B00h-0B6Fh -ASFR23=0B80h-0BEFh -ASFR24=0C00h-0C6Fh \
  -ASFR25=0C80h-0CEFh -ASFR26=0D00h-0D6Fh -ASFR27=0D80h-0DEFh \
  -ASFR28=0E00h-0E6Fh -ASFR29=0E80h-0EEFh -ASFR30=0F00h-0F6Fh \
  -ASFR31=0F80h-0FEFh -ACONFIG=08007h-0800Bh -DCONFIG=2 \
  -AIDLOC=08000h-08003h -DIDLOC=2 -AEEDATA=00h-0FFh/0F000h \
  -peeprom_data=EEDATA -DEEDATA=2 -DCODE=2 -DSTRCODE=2 -DSTRING=2 -DCONST=2 \
  -DENTRY=2 -preset_vec=00h,intentry,init,end_init -ppowerup=CODE \
  -pcinit=CODE -pfunctab=ENTRY -k \
  C:\Users\MARCOB~1\AppData\Local\Temp\xcAsls.o \
  dist/default/production\DisplayServoLM35.X.production.o 

Object code version is 3.11

Machine type is 16F18875



                Name                               Link     Load   Length Selector   Space Scale
C:\Users\MARCOB~1\AppData\Local\Temp\xcAsls.o
                end_init                              2        2        2        0       0
                reset_vec                             0        0        2        0       0
                config                             8007     8007        5        0       4
                idloc                              8000     8000        4        0       5
dist/default/production\DisplayServoLM35.X.production.o
                cinit                               7E9      7E9       17      FD2       0
                config                             8007     8007        5        0       4
                idloc                              8000     8000        4        0       5
                text18                              259      259        3      4B2       0
                text17                              2B0      2B0       12      560       0
                text16                              2C2      2C2       16      584       0
                text15                              2EE      2EE       18      5DC       0
                text14                              25C      25C        6      4B8       0
                text13                              262      262        6      4C4       0
                text12                              268      268        6      4D0       0
                text11                              325      325       22      64A       0
                text10                              282      282        9      504       0
                text9                               347      347       40      68E       0
                text8                               27A      27A        8      4F4       0
                text7                               295      295        D      52A       0
                text6                               2A2      2A2        E      544       0
                text5                               2D8      2D8       16      5B0       0
                text4                               387      387       60      70E       0
                text3                               3E7      3E7       8A      7CE       0
                text2                               306      306       1F      60C       0
                text1                               471      471       AA      8E2       0
                maintext                            51B      51B      2CE      A36       0
                cstackBANK0                          49       49        C       20       1
                cstackCOMMON                         70       70        E       70       1
                clrtext                             26E      26E        6      4DC       0
                inittext                            274      274        6      4E8       0
                dataBANK0                            55       55        A       20       1
                bssBANK0                             20       20       29       20       1
                nvBANK0                              5F       5F        6       20       1
                idataBANK0                          28B      28B        A      516       0

TOTAL           Name                               Link     Load   Length     Space
        CLASS   CODE           
                end_init                              2        2        2         0
                cinit                               7E9      7E9       17         0
                reset_vec                             0        0        2         0
                text18                              259      259        3         0
                text17                              2B0      2B0       12         0
                text16                              2C2      2C2       16         0
                text15                              2EE      2EE       18         0
                text14                              25C      25C        6         0
                text13                              262      262        6         0
                text12                              268      268        6         0
                text11                              325      325       22         0
                text10                              282      282        9         0
                text9                               347      347       40         0
                text8                               27A      27A        8         0
                text7                               295      295        D         0
                text6                               2A2      2A2        E         0
                text5                               2D8      2D8       16         0
                text4                               387      387       60         0
                text3                               3E7      3E7       8A         0
                text2                               306      306       1F         0
                text1                               471      471       AA         0
                maintext                            51B      51B      2CE         0
                clrtext                             26E      26E        6         0
                inittext                            274      274        6         0
                idataBANK0                          28B      28B        A         0

        CLASS   STRCODE        

        CLASS   STRING         

        CLASS   CONST          

        CLASS   ENTRY          

        CLASS   COMMON         
                cstackCOMMON                         70       70        E         1

        CLASS   BANK0          
                cstackBANK0                          49       49        C         1
                dataBANK0                            55       55        A         1
                bssBANK0                             20       20       29         1
                nvBANK0                              5F       5F        6         1

        CLASS   BANK1          

        CLASS   BANK2          

        CLASS   BANK3          

        CLASS   BANK4          

        CLASS   BANK5          

        CLASS   BANK6          

        CLASS   BANK7          

        CLASS   BANK8          

        CLASS   BANK9          

        CLASS   BANK10         

        CLASS   BANK11         

        CLASS   BANK12         

        CLASS   BIGRAM         

        CLASS   RAM            

        CLASS   ABS1           
                abs_s1                               7E       7E        2         1

        CLASS   SFR0           

        CLASS   SFR1           

        CLASS   SFR2           

        CLASS   SFR3           

        CLASS   SFR4           

        CLASS   SFR5           

        CLASS   SFR6           

        CLASS   SFR7           

        CLASS   SFR8           

        CLASS   SFR9           

        CLASS   SFR10          

        CLASS   SFR11          

        CLASS   SFR12          

        CLASS   SFR13          

        CLASS   SFR14          

        CLASS   SFR15          

        CLASS   SFR16          

        CLASS   SFR17          

        CLASS   SFR18          

        CLASS   SFR19          

        CLASS   SFR20          

        CLASS   SFR21          

        CLASS   SFR22          

        CLASS   SFR23          

        CLASS   SFR24          

        CLASS   SFR25          

        CLASS   SFR26          

        CLASS   SFR27          

        CLASS   SFR28          

        CLASS   SFR29          

        CLASS   SFR30          

        CLASS   SFR31          

        CLASS   CONFIG         
                config                             8007     8007        5         4

        CLASS   IDLOC          
                idloc                              8000     8000        4         5

        CLASS   EEDATA         

        CLASS   BANK31         

        CLASS   BANK30         

        CLASS   BANK29         

        CLASS   BANK28         

        CLASS   BANK27         

        CLASS   BANK26         

        CLASS   BANK25         

        CLASS   BANK24         

        CLASS   BANK23         

        CLASS   BANK22         

        CLASS   BANK21         

        CLASS   BANK20         

        CLASS   BANK19         

        CLASS   BANK18         

        CLASS   BANK17         

        CLASS   BANK16         

        CLASS   BANK15         

        CLASS   BANK14         

        CLASS   BANK13         

        CLASS   HEAP           

        CLASS   STACK          



SEGMENTS        Name                           Load    Length   Top    Selector   Space  Class     Delta

                reset_vec                      000000  000004  000004         0       0  CODE        2
                bssBANK0                       000020  000045  000065        20       1  BANK0       1
                cstackCOMMON                   000070  00000E  00007E        70       1  COMMON      1
                text18                         000259  000003  00025C       4B2       0  CODE        2
                text14                         00025C  000006  000262       4B8       0  CODE        2
                text13                         000262  000006  000268       4C4       0  CODE        2
                text12                         000268  000006  00026E       4D0       0  CODE        2
                clrtext                        00026E  000006  000274       4DC       0  CODE        2
                inittext                       000274  000006  00027A       4E8       0  CODE        2
                text8                          00027A  000008  000282       4F4       0  CODE        2
                text10                         000282  000009  00028B       504       0  CODE        2
                idataBANK0                     00028B  00000A  000295       516       0  CODE        2
                text7                          000295  00000D  0002A2       52A       0  CODE        2
                text6                          0002A2  00000E  0002B0       544       0  CODE        2
                text17                         0002B0  000012  0002C2       560       0  CODE        2
                text16                         0002C2  000016  0002D8       584       0  CODE        2
                text5                          0002D8  000016  0002EE       5B0       0  CODE        2
                text15                         0002EE  000018  000306       5DC       0  CODE        2
                text2                          000306  00001F  000325       60C       0  CODE        2
                text11                         000325  000022  000347       64A       0  CODE        2
                text9                          000347  000040  000387       68E       0  CODE        2
                text4                          000387  000060  0003E7       70E       0  CODE        2
                text3                          0003E7  00008A  000471       7CE       0  CODE        2
                text1                          000471  0000AA  00051B       8E2       0  CODE        2
                maintext                       00051B  0002CE  0007E9       A36       0  CODE        2
                cinit                          0007E9  000017  000800       FD2       0  CODE        2


UNUSED ADDRESS RANGES

        Name                Unused          Largest block    Delta
        BANK0            00065-0006F               B           1
        BANK1            000A0-000EF              50           1
        BANK10           00520-0056F              50           1
        BANK11           005A0-005EF              50           1
        BANK12           00620-0064F              30           1
        BANK2            00120-0016F              50           1
        BANK3            001A0-001EF              50           1
        BANK4            00220-0026F              50           1
        BANK5            002A0-002EF              50           1
        BANK6            00320-0036F              50           1
        BANK7            003A0-003EF              50           1
        BANK8            00420-0046F              50           1
        BANK9            004A0-004EF              50           1
        BIGRAM           02000-023EF             3F0           1
        CODE             00004-00258             255           2
                         00800-01FFF             800
        CONST            00004-00258             100           2
                         00800-01FFF             100
        EEDATA           0F000-0F0FF             100           2
        ENTRY            00004-00258             100           2
                         00800-01FFF             100
        RAM              00065-0006F               B           1
                         000A0-000EF              50
                         00120-0016F              50
                         001A0-001EF              50
                         00220-0026F              50
                         002A0-002EF              50
                         00320-0036F              50
                         003A0-003EF              50
                         00420-0046F              50
                         004A0-004EF              50
                         00520-0056F              50
                         005A0-005EF              50
                         00620-0064F              30
        SFR0             00000-0001F              20           1
        SFR1             00080-0009F              20           1
        SFR10            00500-0051F              20           1
        SFR11            00580-0059F              20           1
        SFR12            00600-0061F              20           1
        SFR13            00680-006EF              70           1
        SFR14            00700-0076F              70           1
        SFR15            00780-007EF              70           1
        SFR16            00800-0086F              70           1
        SFR17            00880-008EF              70           1
        SFR18            00900-0096F              70           1
        SFR19            00980-009EF              70           1
        SFR2             00100-0011F              20           1
        SFR20            00A00-00A6F              70           1
        SFR21            00A80-00AEF              70           1
        SFR22            00B00-00B6F              70           1
        SFR23            00B80-00BEF              70           1
        SFR24            00C00-00C6F              70           1
        SFR25            00C80-00CEF              70           1
        SFR26            00D00-00D6F              70           1
        SFR27            00D80-00DEF              70           1
        SFR28            00E00-00E6F              70           1
        SFR29            00E80-00EEF              70           1
        SFR3             00180-0019F              20           1
        SFR30            00F00-00F6F              70           1
        SFR31            00F80-00FEF              70           1
        SFR4             00200-0021F              20           1
        SFR5             00280-0029F              20           1
        SFR6             00300-0031F              20           1
        SFR7             00380-0039F              20           1
        SFR8             00400-0041F              20           1
        SFR9             00480-0049F              20           1
        STRCODE          00004-00258             255           2
                         00800-01FFF            1800
        STRING           00004-00258             100           2
                         00800-01FFF             100

                                  Symbol Table

?_ADCC_GetSingleConversion                     cstackCOMMON 00070
?___awdiv                                      cstackCOMMON 00076
?___wmul                                       cstackCOMMON 00070
?___xxtofl                                     cstackCOMMON 00070
ADCC_GetSingleConversion@channel               cstackCOMMON 00072
EUSART_SetErrorHandler@interruptHandler        cstackCOMMON 00070
EUSART_SetFramingErrorHandler@interruptHandler cstackCOMMON 00070
EUSART_SetOverrunErrorHandler@interruptHandler cstackCOMMON 00070
PWM6_LoadDutyValue@dutyValue                   cstackCOMMON 00070
_ADACCH                                        (abs)        00091
_ADACCL                                        (abs)        00090
_ADACQ                                         (abs)        0009D
_ADACT                                         (abs)        00099
_ADCAP                                         (abs)        0009B
_ADCC_DisableContinuousConversion              text18       00259
_ADCC_GetSingleConversion                      text17       002B0
_ADCC_Initialize                               text15       002EE
_ADCLK                                         (abs)        00098
_ADCNT                                         (abs)        0010C
_ADCON0                                        (abs)        00093
_ADCON0bits                                    (abs)        00093
_ADCON1                                        (abs)        00094
_ADCON1bits                                    (abs)        00094
_ADCON2                                        (abs)        00095
_ADCON2bits                                    (abs)        00095
_ADCON3                                        (abs)        00096
_ADCON3bits                                    (abs)        00096
_ADERRH                                        (abs)        00117
_ADERRL                                        (abs)        00116
_ADFLTRH                                       (abs)        00115
_ADFLTRL                                       (abs)        00114
_ADLTHH                                        (abs)        0010F
_ADLTHL                                        (abs)        0010E
_ADPCH                                         (abs)        0009E
_ADPRE                                         (abs)        0009C
_ADPREVH                                       (abs)        0008F
_ADPREVL                                       (abs)        0008E
_ADREF                                         (abs)        0009A
_ADRESH                                        (abs)        0008D
_ADRESL                                        (abs)        0008C
_ADRPT                                         (abs)        0010D
_ADSTAT                                        (abs)        00097
_ADSTATbits                                    (abs)        00097
_ADSTPTH                                       (abs)        00113
_ADSTPTL                                       (abs)        00112
_ADUTHH                                        (abs)        00111
_ADUTHL                                        (abs)        00110
_ANSELA                                        (abs)        00F38
_ANSELB                                        (abs)        00F43
_ANSELC                                        (abs)        00F4E
_ANSELD                                        (abs)        00F59
_ANSELE                                        (abs)        00F64
_BAUD1CON                                      (abs)        0011F
_CCPTMRS1bits                                  (abs)        0021F
_EUSART_DefaultErrorHandler                    (abs)        00000
_EUSART_DefaultFramingErrorHandler             (abs)        00000
_EUSART_DefaultOverrunErrorHandler             (abs)        00000
_EUSART_ErrorHandler                           nvBANK0      0005F
_EUSART_FramingErrorHandler                    nvBANK0      00063
_EUSART_Initialize                             text11       00325
_EUSART_OverrunErrorHandler                    nvBANK0      00061
_EUSART_SetErrorHandler                        text14       0025C
_EUSART_SetFramingErrorHandler                 text13       00262
_EUSART_SetOverrunErrorHandler                 text12       00268
_INLVLA                                        (abs)        00F3C
_INLVLB                                        (abs)        00F47
_INLVLC                                        (abs)        00F52
_INLVLD                                        (abs)        00F5D
_INLVLE                                        (abs)        00F68
_LATA                                          (abs)        00016
_LATAbits                                      (abs)        00016
_LATB                                          (abs)        00017
_LATBbits                                      (abs)        00017
_LATC                                          (abs)        00018
_LATD                                          (abs)        00019
_LATE                                          (abs)        0001A
_ODCONA                                        (abs)        00F3A
_ODCONB                                        (abs)        00F45
_ODCONC                                        (abs)        00F50
_ODCOND                                        (abs)        00F5B
_ODCONE                                        (abs)        00F66
_OSCCON1                                       (abs)        0088D
_OSCCON3                                       (abs)        0088F
_OSCEN                                         (abs)        00891
_OSCFRQ                                        (abs)        00893
_OSCILLATOR_Initialize                         text10       00282
_OSCTUNE                                       (abs)        00892
_P11                                           bssBANK0     00024
_P1_                                           bssBANK0     00044
_P22                                           bssBANK0     00020
_P2_                                           bssBANK0     00042
_PIN_MANAGER_Initialize                        text9        00347
_PIR3bits                                      (abs)        0070F
_PIR4bits                                      (abs)        00710
_PMD0                                          (abs)        00796
_PMD1                                          (abs)        00797
_PMD2                                          (abs)        00798
_PMD3                                          (abs)        00799
_PMD4                                          (abs)        0079A
_PMD5                                          (abs)        0079B
_PMD_Initialize                                text8        0027A
_PR2                                           (abs)        0028D
_PWM6CON                                       (abs)        0038E
_PWM6DCH                                       (abs)        0038D
_PWM6DCL                                       (abs)        0038C
_PWM6_Initialize                               text7        00295
_PWM6_LoadDutyValue                            text16       002C2
_RA7PPS                                        (abs)        00F17
_RC1REG                                        (abs)        00119
_RC1STA                                        (abs)        0011D
_RC1STAbits                                    (abs)        0011D
_RC6PPS                                        (abs)        00F26
_RXPPS                                         (abs)        00ECB
_SLRCONA                                       (abs)        00F3B
_SLRCONB                                       (abs)        00F46
_SLRCONC                                       (abs)        00F51
_SLRCOND                                       (abs)        00F5C
_SLRCONE                                       (abs)        00F67
_SP1BRGH                                       (abs)        0011C
_SP1BRGL                                       (abs)        0011B
_SYSTEM_Initialize                             text5        002D8
_T2CLKCON                                      (abs)        00290
_T2CON                                         (abs)        0028E
_T2CONbits                                     (abs)        0028E
_T2HLT                                         (abs)        0028F
_T2HLTbits                                     (abs)        0028F
_T2PR                                          (abs)        0028D
_T2RST                                         (abs)        00291
_T2RSTbits                                     (abs)        00291
_T2TMR                                         (abs)        0028C
_TMR2                                          (abs)        0028C
_TMR2_Initialize                               text6        002A2
_TRISA                                         (abs)        00011
_TRISB                                         (abs)        00012
_TRISC                                         (abs)        00013
_TRISD                                         (abs)        00014
_TRISE                                         (abs)        00015
_TX1REG                                        (abs)        0011A
_TX1STA                                        (abs)        0011E
_TX1STAbits                                    (abs)        0011E
_WPUA                                          (abs)        00F39
_WPUB                                          (abs)        00F44
_WPUC                                          (abs)        00F4F
_WPUD                                          (abs)        00F5A
_WPUE                                          (abs)        00F65
__Habs1                                        abs1         00000
__Hbank0                                       bank0        00000
__Hbank1                                       bank1        00000
__Hbank10                                      bank10       00000
__Hbank11                                      bank11       00000
__Hbank12                                      bank12       00000
__Hbank13                                      bank13       00000
__Hbank14                                      bank14       00000
__Hbank15                                      bank15       00000
__Hbank16                                      bank16       00000
__Hbank17                                      bank17       00000
__Hbank18                                      bank18       00000
__Hbank19                                      bank19       00000
__Hbank2                                       bank2        00000
__Hbank20                                      bank20       00000
__Hbank21                                      bank21       00000
__Hbank22                                      bank22       00000
__Hbank23                                      bank23       00000
__Hbank24                                      bank24       00000
__Hbank25                                      bank25       00000
__Hbank26                                      bank26       00000
__Hbank27                                      bank27       00000
__Hbank28                                      bank28       00000
__Hbank29                                      bank29       00000
__Hbank3                                       bank3        00000
__Hbank30                                      bank30       00000
__Hbank31                                      bank31       00000
__Hbank4                                       bank4        00000
__Hbank5                                       bank5        00000
__Hbank6                                       bank6        00000
__Hbank7                                       bank7        00000
__Hbank8                                       bank8        00000
__Hbank9                                       bank9        00000
__Hbigram                                      bigram       00000
__HbssBANK0                                    bssBANK0     00000
__Hcinit                                       cinit        00800
__Hclrtext                                     clrtext      00000
__Hcode                                        code         00000
__Hcommon                                      common       00000
__Hconfig                                      config       0800C
__HcstackBANK0                                 cstackBANK0  00000
__HcstackCOMMON                                cstackCOMMON 00000
__HdataBANK0                                   dataBANK0    00000
__Heeprom_data                                 eeprom_data  00000
__Hend_init                                    end_init     00004
__Hfunctab                                     functab      00000
__Hheap                                        heap         00000
__HidataBANK0                                  idataBANK0   00000
__Hidloc                                       idloc        08004
__Hinit                                        init         00002
__Hinittext                                    inittext     00000
__Hintentry                                    intentry     00002
__Hmaintext                                    maintext     00000
__HnvBANK0                                     nvBANK0      00000
__Hpowerup                                     powerup      00000
__Hram                                         ram          00000
__Hreset_vec                                   reset_vec    00002
__Hsfr0                                        sfr0         00000
__Hsfr1                                        sfr1         00000
__Hsfr10                                       sfr10        00000
__Hsfr11                                       sfr11        00000
__Hsfr12                                       sfr12        00000
__Hsfr13                                       sfr13        00000
__Hsfr14                                       sfr14        00000
__Hsfr15                                       sfr15        00000
__Hsfr16                                       sfr16        00000
__Hsfr17                                       sfr17        00000
__Hsfr18                                       sfr18        00000
__Hsfr19                                       sfr19        00000
__Hsfr2                                        sfr2         00000
__Hsfr20                                       sfr20        00000
__Hsfr21                                       sfr21        00000
__Hsfr22                                       sfr22        00000
__Hsfr23                                       sfr23        00000
__Hsfr24                                       sfr24        00000
__Hsfr25                                       sfr25        00000
__Hsfr26                                       sfr26        00000
__Hsfr27                                       sfr27        00000
__Hsfr28                                       sfr28        00000
__Hsfr29                                       sfr29        00000
__Hsfr3                                        sfr3         00000
__Hsfr30                                       sfr30        00000
__Hsfr31                                       sfr31        00000
__Hsfr4                                        sfr4         00000
__Hsfr5                                        sfr5         00000
__Hsfr6                                        sfr6         00000
__Hsfr7                                        sfr7         00000
__Hsfr8                                        sfr8         00000
__Hsfr9                                        sfr9         00000
__Hspace_0                                     (abs)        00800
__Hspace_1                                     (abs)        0007E
__Hspace_2                                     (abs)        00000
__Hspace_3                                     (abs)        00000
__Hspace_4                                     (abs)        10013
__Hstack                                       stack        00000
__Hstrings                                     strings      00000
__Htext                                        text         00000
__Labs1                                        abs1         00000
__Lbank0                                       bank0        00000
__Lbank1                                       bank1        00000
__Lbank10                                      bank10       00000
__Lbank11                                      bank11       00000
__Lbank12                                      bank12       00000
__Lbank13                                      bank13       00000
__Lbank14                                      bank14       00000
__Lbank15                                      bank15       00000
__Lbank16                                      bank16       00000
__Lbank17                                      bank17       00000
__Lbank18                                      bank18       00000
__Lbank19                                      bank19       00000
__Lbank2                                       bank2        00000
__Lbank20                                      bank20       00000
__Lbank21                                      bank21       00000
__Lbank22                                      bank22       00000
__Lbank23                                      bank23       00000
__Lbank24                                      bank24       00000
__Lbank25                                      bank25       00000
__Lbank26                                      bank26       00000
__Lbank27                                      bank27       00000
__Lbank28                                      bank28       00000
__Lbank29                                      bank29       00000
__Lbank3                                       bank3        00000
__Lbank30                                      bank30       00000
__Lbank31                                      bank31       00000
__Lbank4                                       bank4        00000
__Lbank5                                       bank5        00000
__Lbank6                                       bank6        00000
__Lbank7                                       bank7        00000
__Lbank8                                       bank8        00000
__Lbank9                                       bank9        00000
__Lbigram                                      bigram       00000
__LbssBANK0                                    bssBANK0     00000
__Lcinit                                       cinit        007E9
__Lclrtext                                     clrtext      00000
__Lcode                                        code         00000
__Lcommon                                      common       00000
__Lconfig                                      config       00000
__LcstackBANK0                                 cstackBANK0  00000
__LcstackCOMMON                                cstackCOMMON 00000
__LdataBANK0                                   dataBANK0    00000
__Leeprom_data                                 eeprom_data  00000
__Lend_init                                    end_init     00002
__Lfunctab                                     functab      00000
__Lheap                                        heap         00000
__LidataBANK0                                  idataBANK0   00000
__Lidloc                                       idloc        00000
__Linit                                        init         00002
__Linittext                                    inittext     00000
__Lintentry                                    intentry     00002
__Lmaintext                                    maintext     00000
__LnvBANK0                                     nvBANK0      00000
__Lpowerup                                     powerup      00000
__Lram                                         ram          00000
__Lreset_vec                                   reset_vec    00000
__Lsfr0                                        sfr0         00000
__Lsfr1                                        sfr1         00000
__Lsfr10                                       sfr10        00000
__Lsfr11                                       sfr11        00000
__Lsfr12                                       sfr12        00000
__Lsfr13                                       sfr13        00000
__Lsfr14                                       sfr14        00000
__Lsfr15                                       sfr15        00000
__Lsfr16                                       sfr16        00000
__Lsfr17                                       sfr17        00000
__Lsfr18                                       sfr18        00000
__Lsfr19                                       sfr19        00000
__Lsfr2                                        sfr2         00000
__Lsfr20                                       sfr20        00000
__Lsfr21                                       sfr21        00000
__Lsfr22                                       sfr22        00000
__Lsfr23                                       sfr23        00000
__Lsfr24                                       sfr24        00000
__Lsfr25                                       sfr25        00000
__Lsfr26                                       sfr26        00000
__Lsfr27                                       sfr27        00000
__Lsfr28                                       sfr28        00000
__Lsfr29                                       sfr29        00000
__Lsfr3                                        sfr3         00000
__Lsfr30                                       sfr30        00000
__Lsfr31                                       sfr31        00000
__Lsfr4                                        sfr4         00000
__Lsfr5                                        sfr5         00000
__Lsfr6                                        sfr6         00000
__Lsfr7                                        sfr7         00000
__Lsfr8                                        sfr8         00000
__Lsfr9                                        sfr9         00000
__Lspace_0                                     (abs)        00000
__Lspace_1                                     (abs)        00000
__Lspace_2                                     (abs)        00000
__Lspace_3                                     (abs)        00000
__Lspace_4                                     (abs)        00000
__Lstack                                       stack        00000
__Lstrings                                     strings      00000
__Ltext                                        text         00000
__S0                                           (abs)        00800
__S1                                           (abs)        0007E
__S3                                           (abs)        00000
___awdiv                                       text4        00387
___awdiv@counter                               cstackBANK0  00049
___awdiv@dividend                              cstackCOMMON 00078
___awdiv@divisor                               cstackCOMMON 00076
___awdiv@quotient                              cstackBANK0  0004B
___awdiv@sign                                  cstackBANK0  0004A
___flge                                        text3        003E7
___flge@ff1                                    cstackCOMMON 00070
___flge@ff2                                    cstackCOMMON 00074
___heap_hi                                     (abs)        00000
___heap_lo                                     (abs)        00000
___int_sp                                      stack        00000
___latbits                                     (abs)        00002
___sp                                          stack        00000
___stackhi                                     (abs)        00000
___stacklo                                     (abs)        00000
___wmul                                        text2        00306
___wmul@multiplicand                           cstackCOMMON 00072
___wmul@multiplier                             cstackCOMMON 00070
___wmul@product                                cstackCOMMON 00074
___xxtofl                                      text1        00471
___xxtofl@arg                                  cstackCOMMON 0007A
___xxtofl@exp                                  cstackCOMMON 00079
___xxtofl@sign                                 cstackCOMMON 00078
___xxtofl@val                                  cstackCOMMON 00070
__end_of_ADCC_DisableContinuousConversion      text18       0025C
__end_of_ADCC_GetSingleConversion              text17       002C2
__end_of_ADCC_Initialize                       text15       00306
__end_of_EUSART_Initialize                     text11       00347
__end_of_EUSART_SetErrorHandler                text14       00262
__end_of_EUSART_SetFramingErrorHandler         text13       00268
__end_of_EUSART_SetOverrunErrorHandler         text12       0026E
__end_of_OSCILLATOR_Initialize                 text10       0028B
__end_of_PIN_MANAGER_Initialize                text9        00387
__end_of_PMD_Initialize                        text8        00282
__end_of_PWM6_Initialize                       text7        002A2
__end_of_PWM6_LoadDutyValue                    text16       002D8
__end_of_SYSTEM_Initialize                     text5        002EE
__end_of_TMR2_Initialize                       text6        002B0
__end_of___awdiv                               text4        003E7
__end_of___flge                                text3        00471
__end_of___wmul                                text2        00325
__end_of___xxtofl                              text1        0051B
__end_of__initialization                       cinit        007FD
__end_of_main                                  maintext     007E9
__initialization                               cinit        007E9
__pbssBANK0                                    bssBANK0     00020
__pcstackBANK0                                 cstackBANK0  00049
__pcstackCOMMON                                cstackCOMMON 00070
__pdataBANK0                                   dataBANK0    00055
__pidataBANK0                                  idataBANK0   0028B
__pmaintext                                    maintext     0051B
__pnvBANK0                                     nvBANK0      0005F
__ptext1                                       text1        00471
__ptext10                                      text10       00282
__ptext11                                      text11       00325
__ptext12                                      text12       00268
__ptext13                                      text13       00262
__ptext14                                      text14       0025C
__ptext15                                      text15       002EE
__ptext16                                      text16       002C2
__ptext17                                      text17       002B0
__ptext18                                      text18       00259
__ptext2                                       text2        00306
__ptext3                                       text3        003E7
__ptext4                                       text4        00387
__ptext5                                       text5        002D8
__ptext6                                       text6        002A2
__ptext7                                       text7        00295
__ptext8                                       text8        0027A
__ptext9                                       text9        00347
_cen                                           bssBANK0     0003C
_dec                                           bssBANK0     0003E
_eusartRxLastError                             bssBANK0     00048
_main                                          maintext     0051B
_numeros                                       dataBANK0    00055
_p1                                            bssBANK0     00032
_p2                                            bssBANK0     00030
_temp_lm35                                     bssBANK0     00028
_tiempo                                        bssBANK0     00036
_uni                                           bssBANK0     00040
_unm                                           bssBANK0     0003A
_valor_adc                                     bssBANK0     00046
_valor_pwm                                     bssBANK0     00034
_x                                             bssBANK0     00038
btemp                                          (abs)        0007E
clear_ram0                                     clrtext      0026E
end_of_initialization                          cinit        007FD
init_ram                                       inittext     00274
intlevel0                                      functab      00000
intlevel1                                      functab      00000
intlevel2                                      functab      00000
intlevel3                                      functab      00000
intlevel4                                      functab      00000
intlevel5                                      functab      00000
main@i                                         cstackBANK0  00053
reset_vec                                      reset_vec    00000
start                                          init         00002
start_initialization                           cinit        007E9
wtemp0                                         (abs)        0007E


MODULE INFORMATION

Module		Function		Class		Link	Load	Size
C:\Program Files\Microchip\xc8\v2.40\pic\sources\c99\common\awdiv.c
		___awdiv       		CODE           	0387	0000	96

C:\Program Files\Microchip\xc8\v2.40\pic\sources\c99\common\awdiv.c estimated size: 96

mcc_generated_files/pwm6.c
		_PWM6_LoadDutyValue		CODE           	02C2	0000	22
		_PWM6_Initialize		CODE           	0295	0000	13

mcc_generated_files/pwm6.c estimated size: 35

C:\Program Files\Microchip\xc8\v2.40\pic\sources\c99\common\Umul16.c
		___wmul        		CODE           	0306	0000	31

C:\Program Files\Microchip\xc8\v2.40\pic\sources\c99\common\Umul16.c estimated size: 31

mcc_generated_files/tmr2.c
		_TMR2_Initialize		CODE           	02A2	0000	14

mcc_generated_files/tmr2.c estimated size: 14

mcc_generated_files/pin_manager.c
		_PIN_MANAGER_Initialize		CODE           	0347	0000	64

mcc_generated_files/pin_manager.c estimated size: 64

C:\Program Files\Microchip\xc8\v2.40\pic\sources\c99\common\xxtofl.c
		___xxtofl      		CODE           	0471	0000	170

C:\Program Files\Microchip\xc8\v2.40\pic\sources\c99\common\xxtofl.c estimated size: 170

shared
		__initialization		CODE           	07E9	0000	20

shared estimated size: 20

mcc_generated_files/mcc.c
		_PMD_Initialize		CODE           	027A	0000	8
		_OSCILLATOR_Initialize		CODE           	0282	0000	9
		_SYSTEM_Initialize		CODE           	02D8	0000	22

mcc_generated_files/mcc.c estimated size: 39

C:\Program Files\Microchip\xc8\v2.40\pic\sources\c99\common\flge.c
		___flge        		CODE           	03E7	0000	138

C:\Program Files\Microchip\xc8\v2.40\pic\sources\c99\common\flge.c estimated size: 138

mcc_generated_files/eusart.c
		_EUSART_Initialize		CODE           	0325	0000	34
		_EUSART_SetFramingErrorHandler		CODE           	0262	0000	6
		_EUSART_SetErrorHandler		CODE           	025C	0000	6
		_EUSART_SetOverrunErrorHandler		CODE           	0268	0000	6

mcc_generated_files/eusart.c estimated size: 52

mcc_generated_files/adcc.c
		_ADCC_DisableContinuousConversion		CODE           	0259	0000	3
		_ADCC_GetSingleConversion		CODE           	02B0	0000	18
		_ADCC_Initialize		CODE           	02EE	0000	24

mcc_generated_files/adcc.c estimated size: 45

main.c
		_main          		CODE           	051B	0000	718

main.c estimated size: 718

